ARM Linker, 5.02 [Build 28] [MDK-ARM Standard]

==============================================================================

Small function inlining results

Inlined function __aeabi_idiv0 from aeabi_idiv0.o at offset 0x154 in aeabi_sdiv.o(.text).
Inlined Instruction: BX       lr
Inlined function __aeabi_idiv0 from aeabi_idiv0.o at offset 0x154 in aeabi_sdiv_div0.o(.text).
Inlined Instruction: BX       lr
Inlined function _platform_pre_stackheap_init from boardinit1.o at offset 0x0 in rtentry2.o(.ARM.Collect$$rtentry$$00000001).
Inlined Instruction: BX       lr
Inlined function _fp_init from fpinit.o at offset 0x0 in libinit2.o(.ARM.Collect$$libinit$$00000001).
Inlined Instruction: BX       lr
Inlined function _platform_pre_lib_shutdown from boardshut.o at offset 0x0 in rtexit2.o(.ARM.Collect$$rtexit$$00000001).
Inlined Instruction: BX       lr
Inlined function __ARM_get_argv from no_argv.o at offset 0x2 in argv_veneer.o(.text).
Inlined Instruction: BX       lr
Inlined total of 6 calls.

==============================================================================

Memory Map of the image

  Image Entry point : 0x00000169

  Load Region LR_1 (Base: 0x00000000, Size: 0x0000458c, Max: 0xffffffff, ABSOLUTE)

    Execution Region ER_RO (Base: 0x00000000, Size: 0x00004264, Max: 0xffffffff, ABSOLUTE)

    Base Addr    Size         Type   Attr      Idx    E Section Name        Object

    0x00000000   0x000000c0   Data   RO           55    RESET               startup_nuc1xx.o
    0x000000c0   0x00000008   Code   RO         2112  * !!!main             c_p.l(__main.o)
    0x000000c8   0x0000003c   Code   RO         2282    !!!scatter          c_p.l(__scatter.o)
    0x00000104   0x0000001a   Code   RO         2284    !!handler_copy      c_p.l(__scatter_copy.o)
    0x0000011e   0x00000002   PAD
    0x00000120   0x0000001c   Code   RO         2286    !!handler_zi        c_p.l(__scatter_zi.o)
    0x0000013c   0x00000002   Code   RO         2156    .ARM.Collect$$libinit$$00000000  c_p.l(libinit.o)
    0x0000013e   0x00000004   Code   RO         2169    .ARM.Collect$$libinit$$00000001  c_p.l(libinit2.o)
    0x00000142   0x00000000   Code   RO         2173    .ARM.Collect$$libinit$$00000008  c_p.l(libinit2.o)
    0x00000142   0x00000000   Code   RO         2175    .ARM.Collect$$libinit$$0000000A  c_p.l(libinit2.o)
    0x00000142   0x00000000   Code   RO         2177    .ARM.Collect$$libinit$$0000000C  c_p.l(libinit2.o)
    0x00000142   0x00000000   Code   RO         2180    .ARM.Collect$$libinit$$0000000F  c_p.l(libinit2.o)
    0x00000142   0x00000000   Code   RO         2182    .ARM.Collect$$libinit$$00000011  c_p.l(libinit2.o)
    0x00000142   0x00000000   Code   RO         2184    .ARM.Collect$$libinit$$00000013  c_p.l(libinit2.o)
    0x00000142   0x00000000   Code   RO         2186    .ARM.Collect$$libinit$$00000015  c_p.l(libinit2.o)
    0x00000142   0x00000000   Code   RO         2188    .ARM.Collect$$libinit$$00000017  c_p.l(libinit2.o)
    0x00000142   0x00000000   Code   RO         2190    .ARM.Collect$$libinit$$00000019  c_p.l(libinit2.o)
    0x00000142   0x00000000   Code   RO         2192    .ARM.Collect$$libinit$$0000001B  c_p.l(libinit2.o)
    0x00000142   0x00000000   Code   RO         2194    .ARM.Collect$$libinit$$0000001D  c_p.l(libinit2.o)
    0x00000142   0x00000000   Code   RO         2196    .ARM.Collect$$libinit$$0000001F  c_p.l(libinit2.o)
    0x00000142   0x00000000   Code   RO         2198    .ARM.Collect$$libinit$$00000021  c_p.l(libinit2.o)
    0x00000142   0x00000000   Code   RO         2200    .ARM.Collect$$libinit$$00000023  c_p.l(libinit2.o)
    0x00000142   0x00000000   Code   RO         2204    .ARM.Collect$$libinit$$0000002A  c_p.l(libinit2.o)
    0x00000142   0x00000000   Code   RO         2206    .ARM.Collect$$libinit$$0000002C  c_p.l(libinit2.o)
    0x00000142   0x00000000   Code   RO         2208    .ARM.Collect$$libinit$$0000002E  c_p.l(libinit2.o)
    0x00000142   0x00000000   Code   RO         2210    .ARM.Collect$$libinit$$00000030  c_p.l(libinit2.o)
    0x00000142   0x00000002   Code   RO         2211    .ARM.Collect$$libinit$$00000031  c_p.l(libinit2.o)
    0x00000144   0x00000002   Code   RO         2240    .ARM.Collect$$libshutdown$$00000000  c_p.l(libshutdown.o)
    0x00000146   0x00000000   Code   RO         2267    .ARM.Collect$$libshutdown$$00000003  c_p.l(libshutdown2.o)
    0x00000146   0x00000000   Code   RO         2270    .ARM.Collect$$libshutdown$$00000006  c_p.l(libshutdown2.o)
    0x00000146   0x00000000   Code   RO         2273    .ARM.Collect$$libshutdown$$00000009  c_p.l(libshutdown2.o)
    0x00000146   0x00000000   Code   RO         2275    .ARM.Collect$$libshutdown$$0000000B  c_p.l(libshutdown2.o)
    0x00000146   0x00000000   Code   RO         2278    .ARM.Collect$$libshutdown$$0000000E  c_p.l(libshutdown2.o)
    0x00000146   0x00000002   Code   RO         2279    .ARM.Collect$$libshutdown$$0000000F  c_p.l(libshutdown2.o)
    0x00000148   0x00000000   Code   RO         2114    .ARM.Collect$$rtentry$$00000000  c_p.l(rtentry.o)
    0x00000148   0x00000000   Code   RO         2122    .ARM.Collect$$rtentry$$00000002  c_p.l(rtentry2.o)
    0x00000148   0x00000006   Code   RO         2134    .ARM.Collect$$rtentry$$00000004  c_p.l(rtentry4.o)
    0x0000014e   0x00000000   Code   RO         2124    .ARM.Collect$$rtentry$$00000009  c_p.l(rtentry2.o)
    0x0000014e   0x00000004   Code   RO         2125    .ARM.Collect$$rtentry$$0000000A  c_p.l(rtentry2.o)
    0x00000152   0x00000000   Code   RO         2127    .ARM.Collect$$rtentry$$0000000C  c_p.l(rtentry2.o)
    0x00000152   0x00000008   Code   RO         2128    .ARM.Collect$$rtentry$$0000000D  c_p.l(rtentry2.o)
    0x0000015a   0x00000002   Code   RO         2161    .ARM.Collect$$rtexit$$00000000  c_p.l(rtexit.o)
    0x0000015c   0x00000000   Code   RO         2215    .ARM.Collect$$rtexit$$00000002  c_p.l(rtexit2.o)
    0x0000015c   0x00000004   Code   RO         2216    .ARM.Collect$$rtexit$$00000003  c_p.l(rtexit2.o)
    0x00000160   0x00000006   Code   RO         2217    .ARM.Collect$$rtexit$$00000004  c_p.l(rtexit2.o)
    0x00000166   0x00000002   PAD
    0x00000168   0x00000064   Code   RO           56  * .text               startup_nuc1xx.o
    0x000001cc   0x0000015a   Code   RO         2106    .text               c_p.l(aeabi_sdiv.o)
    0x00000326   0x00000006   Code   RO         2110    .text               c_p.l(heapauxi.o)
    0x0000032c   0x0000003e   Code   RO         2140    .text               c_p.l(sys_stackheap_outer.o)
    0x0000036a   0x0000000c   Code   RO         2145    .text               c_p.l(exit.o)
    0x00000376   0x00000002   PAD
    0x00000378   0x00000008   Code   RO         2157    .text               c_p.l(libspace.o)
    0x00000380   0x0000000c   Code   RO         2212    .text               c_p.l(sys_exit.o)
    0x0000038c   0x00000002   Code   RO         2229    .text               c_p.l(use_no_semi.o)
    0x0000038e   0x00000000   Code   RO         2231    .text               c_p.l(indicate_semi.o)
    0x0000038e   0x00000002   PAD
    0x00000390   0x00000028   Code   RO          605    i.BOD_IRQHandler    drvsys.o
    0x000003b8   0x000000d4   Code   RO          460    i.BaudRateCalculator  drvuart.o
    0x0000048c   0x00000046   Code   RO         1157    i.CalTimerInitValue  drvtimer.o
    0x000004d2   0x00000002   PAD
    0x000004d4   0x00000758   Code   RO          242    i.DrvGPIO_InitFunction  drvgpio.o
    0x00000c2c   0x00000078   Code   RO          243    i.DrvGPIO_Open      drvgpio.o
    0x00000ca4   0x0000025c   Code   RO         1811    i.DrvPWM_Enable     drvpwm.o
    0x00000f00   0x00000038   Code   RO         1821    i.DrvPWM_Open       drvpwm.o
    0x00000f38   0x0000081c   Code   RO         1824    i.DrvPWM_SetTimerClk  drvpwm.o
    0x00001754   0x000000c8   Code   RO         1826    i.DrvPWM_SetTimerIO  drvpwm.o
    0x0000181c   0x0000002c   Code   RO          608    i.DrvSYS_Delay      drvsys.o
    0x00001848   0x00000008   Code   RO          623    i.DrvSYS_GetExtClockFreq  drvsys.o
    0x00001850   0x0000006c   Code   RO          624    i.DrvSYS_GetHCLKFreq  drvsys.o
    0x000018bc   0x00000074   Code   RO          625    i.DrvSYS_GetPLLClockFreq  drvsys.o
    0x00001930   0x000000c0   Code   RO          626    i.DrvSYS_GetPLLContent  drvsys.o
    0x000019f0   0x00000010   Code   RO          629    i.DrvSYS_IsProtectedRegLocked  drvsys.o
    0x00001a00   0x000000ac   Code   RO          631    i.DrvSYS_Open       drvsys.o
    0x00001aac   0x00000038   Code   RO          637    i.DrvSYS_SelectHCLKSource  drvsys.o
    0x00001ae4   0x00000160   Code   RO          638    i.DrvSYS_SelectIPClockSource  drvsys.o
    0x00001c44   0x00000020   Code   RO          639    i.DrvSYS_SelectPLLSource  drvsys.o
    0x00001c64   0x0000004c   Code   RO          646    i.DrvSYS_SetPLLContent  drvsys.o
    0x00001cb0   0x0000005c   Code   RO         1173    i.DrvTIMER_EnableInt  drvtimer.o
    0x00001d0c   0x00000024   Code   RO         1180    i.DrvTIMER_Init     drvtimer.o
    0x00001d30   0x000002ec   Code   RO         1181    i.DrvTIMER_Open     drvtimer.o
    0x0000201c   0x000001f4   Code   RO         1188    i.DrvTIMER_SetTimerEvent  drvtimer.o
    0x00002210   0x00000044   Code   RO         1189    i.DrvTIMER_Start    drvtimer.o
    0x00002254   0x00000264   Code   RO          470    i.DrvUART_Open      drvuart.o
    0x000024b8   0x00000040   Code   RO          471    i.DrvUART_Read      drvuart.o
    0x000024f8   0x00000098   Code   RO         1451    i.DrvUSB_BusResetCallback  drvusb.o
    0x00002590   0x00000014   Code   RO          137    i.DrvUSB_BusResumeCallback  hid_api.o
    0x000025a4   0x00000014   Code   RO          138    i.DrvUSB_BusSuspendCallback  hid_api.o
    0x000025b8   0x00000044   Code   RO         1453    i.DrvUSB_ClrCtrlReady  drvusb.o
    0x000025fc   0x00000044   Code   RO         1454    i.DrvUSB_ClrCtrlReadyAndTrigStall  drvusb.o
    0x00002640   0x00000050   Code   RO         1455    i.DrvUSB_CtrlDataInAck  drvusb.o
    0x00002690   0x0000003c   Code   RO         1457    i.DrvUSB_CtrlDataInSetAddress  drvusb.o
    0x000026cc   0x00000050   Code   RO         1458    i.DrvUSB_CtrlDataOutAck  drvusb.o
    0x0000271c   0x0000009c   Code   RO         1460    i.DrvUSB_CtrlSetupAck  drvusb.o
    0x000027b8   0x000000bc   Code   RO         1461    i.DrvUSB_CtrlSetupClearSetFeature  drvusb.o
    0x00002874   0x00000014   Code   RO         1462    i.DrvUSB_CtrlSetupGetConfiguration  drvusb.o
    0x00002888   0x00000012   Code   RO         1463    i.DrvUSB_CtrlSetupGetInterface  drvusb.o
    0x0000289a   0x00000002   PAD
    0x0000289c   0x00000080   Code   RO         1464    i.DrvUSB_CtrlSetupGetStatus  drvusb.o
    0x0000291c   0x00000040   Code   RO         1465    i.DrvUSB_CtrlSetupSetAddress  drvusb.o
    0x0000295c   0x00000074   Code   RO         1466    i.DrvUSB_CtrlSetupSetConfiguration  drvusb.o
    0x000029d0   0x00000028   Code   RO         1467    i.DrvUSB_CtrlSetupSetInterface  drvusb.o
    0x000029f8   0x000000d8   Code   RO         1468    i.DrvUSB_DataIn     drvusb.o
    0x00002ad0   0x0000000c   Code   RO         1470    i.DrvUSB_DisableRemoteWakeup  drvusb.o
    0x00002adc   0x00000010   Code   RO         1472    i.DrvUSB_DisableUsb  drvusb.o
    0x00002aec   0x0000000c   Code   RO         1477    i.DrvUSB_EnableRemoteWakeup  drvusb.o
    0x00002af8   0x00000010   Code   RO         1479    i.DrvUSB_EnableUsb  drvusb.o
    0x00002b08   0x00000030   Code   RO         1480    i.DrvUSB_GetEpId    drvusb.o
    0x00002b38   0x00000034   Code   RO         1481    i.DrvUSB_GetEpIdentity  drvusb.o
    0x00002b6c   0x0000000c   Code   RO         1485    i.DrvUSB_GetSetupBuffer  drvusb.o
    0x00002b78   0x0000000c   Code   RO         1486    i.DrvUSB_GetUsbState  drvusb.o
    0x00002b84   0x00000084   Code   RO         1495    i.DrvUSB_PreDispatchBusEvent  drvusb.o
    0x00002c08   0x00000164   Code   RO         1496    i.DrvUSB_PreDispatchEPEvent  drvusb.o
    0x00002d6c   0x00000088   Code   RO         1497    i.DrvUSB_PreDispatchEvent  drvusb.o
    0x00002df4   0x00000042   Code   RO         1498    i.DrvUSB_PreDispatchFDTEvent  drvusb.o
    0x00002e36   0x00000002   Code   RO         1499    i.DrvUSB_PreDispatchWakeupEvent  drvusb.o
    0x00002e38   0x00000068   Code   RO         1500    i.DrvUSB_Reset      drvusb.o
    0x00002ea0   0x0000000c   Code   RO         1502    i.DrvUSB_SetUsbState  drvusb.o
    0x00002eac   0x00000024   Code   RO          250    i.EINT0_IRQHandler  drvgpio.o
    0x00002ed0   0x00000024   Code   RO          251    i.EINT1_IRQHandler  drvgpio.o
    0x00002ef4   0x0000003c   Code   RO          252    i.GPAB_IRQHandler   drvgpio.o
    0x00002f30   0x00000040   Code   RO          253    i.GPCDE_IRQHandler  drvgpio.o
    0x00002f70   0x00000068   Code   RO         1195    i.GetTimerClock     drvtimer.o
    0x00002fd8   0x00000048   Code   RO          477    i.GetUartClk        drvuart.o
    0x00003020   0x00000090   Code   RO         1967    i.HID_CtrlGetDescriptorIn  hidsys.o
    0x000030b0   0x00000120   Code   RO         1969    i.HID_CtrlSetupGetDescriptor  hidsys.o
    0x000031d0   0x00000014   Code   RO         1970    i.HID_CtrlSetupGetProtocol  hidsys.o
    0x000031e4   0x00000018   Code   RO         1971    i.HID_CtrlSetupSetIdle  hidsys.o
    0x000031fc   0x00000028   Code   RO         1972    i.HID_CtrlSetupSetProtocol  hidsys.o
    0x00003224   0x00000078   Code   RO         1973    i.HID_CtrlSetupSetReport  hidsys.o
    0x0000329c   0x0000000a   Code   RO         1975    i.HID_IntInCallback  hidsys.o
    0x000032a6   0x00000002   PAD
    0x000032a8   0x00000018   Code   RO         1976    i.HID_IsConfigureValue  hidsys.o
    0x000032c0   0x00000070   Code   RO         1978    i.HID_PrepareDescriptors  hidsys.o
    0x00003330   0x0000000c   Code   RO         1979    i.HID_Reset         hidsys.o
    0x0000333c   0x00000024   Code   RO         1983    i.HID_Start         hidsys.o
    0x00003360   0x00000012   Code   RO         1984    i.HID_UsbStartCallBack  hidsys.o
    0x00003372   0x00000002   PAD
    0x00003374   0x000000bc   Code   RO           60    i.InitSystem        smpl_nutiny_120.o
    0x00003430   0x0000000e   Code   RO         1985    i.Minimum           hidsys.o
    0x0000343e   0x00000002   PAD
    0x00003440   0x00000014   Code   RO         1197    i.NVIC_EnableIRQ    drvtimer.o
    0x00003454   0x00000078   Code   RO         1198    i.NVIC_SetPriority  drvtimer.o
    0x000034cc   0x00000088   Code   RO         1005    i.PDMA_IRQHandler   drvpdma.o
    0x00003554   0x00000164   Code   RO         1830    i.PWMA_IRQHandler   drvpwm.o
    0x000036b8   0x00000164   Code   RO         1831    i.PWMB_IRQHandler   drvpwm.o
    0x0000381c   0x00000040   Code   RO           61    i.PWM_Configuration  smpl_nutiny_120.o
    0x0000385c   0x00000028   Code   RO          653    i.PWRWU_IRQHandler  drvsys.o
    0x00003884   0x000000a0   Code   RO           17    i.SystemCoreClockUpdate  system_nuc1xx.o
    0x00003924   0x00000002   Code   RO           18    i.SystemInit        system_nuc1xx.o
    0x00003926   0x00000002   PAD
    0x00003928   0x0000003c   Code   RO           62    i.TIMER_Configuration  smpl_nutiny_120.o
    0x00003964   0x00000094   Code   RO         1199    i.TMR0_IRQHandler   drvtimer.o
    0x000039f8   0x00000094   Code   RO         1200    i.TMR1_IRQHandler   drvtimer.o
    0x00003a8c   0x00000094   Code   RO         1201    i.TMR2_IRQHandler   drvtimer.o
    0x00003b20   0x00000094   Code   RO         1202    i.TMR3_IRQHandler   drvtimer.o
    0x00003bb4   0x00000100   Code   RO           63    i.Timer0_Callback   smpl_nutiny_120.o
    0x00003cb4   0x0000003c   Code   RO          480    i.UART02_IRQHandler  drvuart.o
    0x00003cf0   0x00000020   Code   RO          481    i.UART1_IRQHandler  drvuart.o
    0x00003d10   0x00000036   Code   RO           64    i.UART_Configuration  smpl_nutiny_120.o
    0x00003d46   0x00000002   PAD
    0x00003d48   0x00000020   Code   RO         1506    i.USBD_IRQHandler   drvusb.o
    0x00003d68   0x00000034   Code   RO         1203    i.WDT_IRQHandler    drvtimer.o
    0x00003d9c   0x00000018   Code   RO         1507    i.WordsCpy          drvusb.o
    0x00003db4   0x0000001c   Code   RO          449    i.__ARM_common_switch8  drvgpio.o
    0x00003dd0   0x0000000c   Code   RO           65    i.delay_loop        smpl_nutiny_120.o
    0x00003ddc   0x00000008   Code   RO           66    i.main              smpl_nutiny_120.o
    0x00003de4   0x0000043e   Data   RO          146    .constdata          hid_api.o
    0x00004222   0x00000002   PAD
    0x00004224   0x00000010   Data   RO          654    .constdata          drvsys.o
    0x00004234   0x00000010   Data   RO         1205    .constdata          drvtimer.o
    0x00004244   0x00000020   Data   RO         2280    Region$$Table       anon$$obj.o


    Execution Region ER_RW (Base: 0x20000000, Size: 0x00000328, Max: 0xffffffff, ABSOLUTE)

    Base Addr    Size         Type   Attr      Idx    E Section Name        Object

    0x20000000   0x0000001c   Data   RW           19    .data               system_nuc1xx.o
    0x2000001c   0x00000094   Data   RW           67    .data               smpl_nutiny_120.o
    0x200000b0   0x00000010   Data   RW          257    .data               drvgpio.o
    0x200000c0   0x0000000c   Data   RW          482    .data               drvuart.o
    0x200000cc   0x00000008   Data   RW          655    .data               drvsys.o
    0x200000d4   0x00000068   Data   RW         1206    .data               drvtimer.o
    0x2000013c   0x00000008   Data   RW         1509    .data               drvusb.o
    0x20000144   0x00000004   Data   RW         1833    .data               drvpwm.o
    0x20000148   0x000001dd   Data   RW         1987    .data               hidsys.o


    Execution Region ER_ZI (Base: 0x20000328, Size: 0x00000650, Max: 0xffffffff, ABSOLUTE)

    Base Addr    Size         Type   Attr      Idx    E Section Name        Object

    0x20000328   0x0000006c   Zero   RW         1006    .bss                drvpdma.o
    0x20000394   0x00000050   Zero   RW         1204    .bss                drvtimer.o
    0x200003e4   0x000000c0   Zero   RW         1508    .bss                drvusb.o
    0x200004a4   0x00000040   Zero   RW         1832    .bss                drvpwm.o
    0x200004e4   0x00000034   Zero   RW         1986    .bss                hidsys.o
    0x20000518   0x00000060   Zero   RW         2158    .bss                c_p.l(libspace.o)
    0x20000578   0x00000000   Zero   RW           54    HEAP                startup_nuc1xx.o
    0x20000578   0x00000400   Zero   RW           53    STACK               startup_nuc1xx.o


==============================================================================

Image component sizes


      Code (inc. data)   RO Data    RW Data    ZI Data      Debug   Object Name

         0          0          0          0          0       4244   core_cm0.o
      2224        130          0         16          0      10593   drvgpio.o
       136         12          0          0        108       3510   drvpdma.o
      3648        240          0          4         64       8795   drvpwm.o
      1252        154         16          8          0      12088   drvsys.o
      2402        288         16        104         80      21744   drvtimer.o
      1052         66          0         12          0       8509   drvuart.o
      2498        218          0          8        192      32468   drvusb.o
        40          0       1086          0          0     120573   hid_api.o
       862        100          0        477         52      19941   hidsys.o
       642         38          0        148          0      25249   smpl_nutiny_120.o
       100         46        192          0       1024        792   startup_nuc1xx.o
       162         30          0         28          0     119554   system_nuc1xx.o

    ----------------------------------------------------------------------
     15032       1322       1344        808       1520     388060   Object Totals
         0          0         32          0          0          0   (incl. Generated)
        14          0          2          3          0          0   (incl. Padding)

    ----------------------------------------------------------------------

      Code (inc. data)   RO Data    RW Data    ZI Data      Debug   Library Member Name

         8          0          0          0          0         68   __main.o
        60          8          0          0          0          0   __scatter.o
        26          0          0          0          0          0   __scatter_copy.o
        28          0          0          0          0          0   __scatter_zi.o
       346          0          0          0          0         92   aeabi_sdiv.o
        12          0          0          0          0         64   exit.o
         6          0          0          0          0        136   heapauxi.o
         0          0          0          0          0          0   indicate_semi.o
         2          0          0          0          0          0   libinit.o
         6          0          0          0          0          0   libinit2.o
         2          0          0          0          0          0   libshutdown.o
         2          0          0          0          0          0   libshutdown2.o
         8          4          0          0         96         68   libspace.o
         0          0          0          0          0          0   rtentry.o
        12          0          0          0          0          0   rtentry2.o
         6          0          0          0          0          0   rtentry4.o
         2          0          0          0          0          0   rtexit.o
        10          0          0          0          0          0   rtexit2.o
        12          4          0          0          0         60   sys_exit.o
        62          0          0          0          0         80   sys_stackheap_outer.o
         2          0          0          0          0         68   use_no_semi.o

    ----------------------------------------------------------------------
       620         16          0          0         96        636   Library Totals
         8          0          0          0          0          0   (incl. Padding)

    ----------------------------------------------------------------------

      Code (inc. data)   RO Data    RW Data    ZI Data      Debug   Library Name

       612         16          0          0         96        636   c_p.l

    ----------------------------------------------------------------------
       620         16          0          0         96        636   Library Totals

    ----------------------------------------------------------------------

==============================================================================


      Code (inc. data)   RO Data    RW Data    ZI Data      Debug   

     15652       1338       1344        808       1616     383992   Grand Totals
     15652       1338       1344        808       1616     383992   ELF Image Totals
     15652       1338       1344        808          0          0   ROM Totals

==============================================================================

    Total RO  Size (Code + RO Data)                16996 (  16.60kB)
    Total RW  Size (RW Data + ZI Data)              2424 (   2.37kB)
    Total ROM Size (Code + RO Data + RW Data)      17804 (  17.39kB)

==============================================================================

